开始监控 CoSb3 结构优化计算...
初始状态：
DAV:   6    -0.152267208025E+03   -0.55774E-05   -0.20421E-04 12096   0.137E-01    0.551E-02
DAV:   7    -0.152267192449E+03    0.15575E-04   -0.11391E-04 13504   0.120E-01    0.384E-02
DAV:   8    -0.152267177552E+03    0.14897E-04   -0.37626E-05 13296   0.691E-02    0.110E-02
DAV:   9    -0.152267177712E+03   -0.16031E-06   -0.63405E-06  9632   0.178E-02
  14 F= -.15226718E+03 E0= -.15226055E+03  d E =-.314112E-03

[2026-04-18 21:47:54] 进度: Iteration, 能量: eV eV
[2026-04-18 21:50:54] 进度: Iteration, 能量: eV eV
[2026-04-18 21:53:54] 进度: Iteration, 能量: eV eV
[2026-04-18 21:56:54] 进度: Iteration, 能量: eV eV
[2026-04-18 21:59:54] 进度: Iteration, 能量: eV eV
[2026-04-18 22:02:54] 进度: Iteration, 能量: TOTEN eV
[2026-04-18 22:05:54] 进度: Iteration, 能量: eV eV
[2026-04-18 22:08:54] 进度: Iteration, 能量: eV eV
[2026-04-18 22:09:54] 计算已收敛！
  15 F= -.15226717E+03 E0= -.15226055E+03  d E =-.311310E-03
       N       E                     dE             d eps       ncg     rms          rms(c)
DAV:   1    -0.152267387136E+03   -0.21218E-03   -0.90530E-03  8294   0.289E-01    0.620E-02
DAV:   2    -0.152267650945E+03   -0.26381E-03   -0.18085E-03 12576   0.312E-01    0.165E-01
DAV:   3    -0.152267376420E+03    0.27453E-03   -0.13856E-03 12496   0.305E-01    0.416E-02
DAV:   4    -0.152267394735E+03   -0.18315E-04   -0.19918E-04 12112   0.126E-01    0.550E-02
DAV:   5    -0.152267370342E+03    0.24392E-04   -0.91705E-05 13704   0.104E-01    0.196E-02
DAV:   6    -0.152267368346E+03    0.19962E-05   -0.19108E-05 10832   0.388E-02    0.993E-03
DAV:   7    -0.152267368496E+03   -0.14965E-06   -0.93728E-06 10011   0.323E-02
  16 F= -.15226737E+03 E0= -.15226074E+03  d E =-.193585E-03
监控完成
